[    0.000000] Linux version 4.15.0-212-generic (buildd@lcy02-amd64-083) (gcc version 7.5.0 (Ubuntu 7.5.0-3ubuntu1~18.04)) #223-Ubuntu SMP Tue May 23 13:09:22 UTC 2023 (Ubuntu 4.15.0-212.223-generic 4.15.18)
[    0.000000] Command line: BOOT_IMAGE=/boot/vmlinuz-4.15.0-212-generic root=LABEL=cloudimg-rootfs ro console=tty1 console=ttyS0
[    0.000000] KERNEL supported cpus:
[    0.000000]   Intel GenuineIntel
[    0.000000]   AMD AuthenticAMD
[    0.000000]   Centaur CentaurHauls
[    0.000000] [Firmware Bug]: TSC doesn't count with P0 frequency!
[    0.000000] x86/fpu: Supporting XSAVE feature 0x001: 'x87 floating point registers'
[    0.000000] x86/fpu: Supporting XSAVE feature 0x002: 'SSE registers'
[    0.000000] x86/fpu: Supporting XSAVE feature 0x004: 'AVX registers'
[    0.000000] x86/fpu: xstate_offset[2]:  576, xstate_sizes[2]:  256
[    0.000000] x86/fpu: Enabled xstate features 0x7, context size is 832 bytes, using 'standard' format.
[    0.000000] e820: BIOS-provided physical RAM map:
[    0.000000] BIOS-e820: [mem 0x0000000000000000-0x000000000009fbff] usable
[    0.000000] BIOS-e820: [mem 0x000000000009fc00-0x000000000009ffff] reserved
[    0.000000] BIOS-e820: [mem 0x00000000000f0000-0x00000000000fffff] reserved
[    0.000000] BIOS-e820: [mem 0x0000000000100000-0x000000003ffeffff] usable
[    0.000000] BIOS-e820: [mem 0x000000003fff0000-0x000000003fffffff] ACPI data
[    0.000000] BIOS-e820: [mem 0x00000000fec00000-0x00000000fec00fff] reserved
[    0.000000] BIOS-e820: [mem 0x00000000fee00000-0x00000000fee00fff] reserved
[    0.000000] BIOS-e820: [mem 0x00000000fffc0000-0x00000000ffffffff] reserved
[    0.000000] NX (Execute Disable) protection: active
[    0.000000] SMBIOS 2.5 present.
[    0.000000] DMI: innotek GmbH VirtualBox/VirtualBox, BIOS VirtualBox 12/01/2006
[    0.000000] Hypervisor detected: KVM
[    0.000000] e820: last_pfn = 0x3fff0 max_arch_pfn = 0x400000000
[    0.000000] MTRR: Disabled
[    0.000000] x86/PAT: MTRRs disabled, skipping PAT initialization too.
[    0.000000] CPU MTRRs all blank - virtualized system.
[    0.000000] x86/PAT: Configuration [0-7]: WB  WT  UC- UC  WB  WT  UC- UC  
[    0.000000] found SMP MP-table at [mem 0x0009fff0-0x0009ffff]
[    0.000000] Scanning 1 areas for low memory corruption
[    0.000000] RAMDISK: [mem 0x359cb000-0x36cdcfff]
[    0.000000] ACPI: Early table checksum verification disabled
[    0.000000] ACPI: RSDP 0x00000000000E0000 000024 (v02 VBOX  )
[    0.000000] ACPI: XSDT 0x000000003FFF0030 00003C (v01 VBOX   VBOXXSDT 00000001 ASL  00000061)
[    0.000000] ACPI: FACP 0x000000003FFF00F0 0000F4 (v04 VBOX   VBOXFACP 00000001 ASL  00000061)
[    0.000000] ACPI: DSDT 0x000000003FFF0470 002325 (v02 VBOX   VBOXBIOS 00000002 INTL 20100528)
[    0.000000] ACPI: FACS 0x000000003FFF0200 000040
[    0.000000] ACPI: FACS 0x000000003FFF0200 000040
[    0.000000] ACPI: APIC 0x000000003FFF0240 00005C (v02 VBOX   VBOXAPIC 00000001 ASL  00000061)
[    0.000000] ACPI: SSDT 0x000000003FFF02A0 0001CC (v01 VBOX   VBOXCPUT 00000002 INTL 20100528)
[    0.000000] ACPI: Reserving FACP table memory at [mem 0x3fff00f0-0x3fff01e3]
[    0.000000] ACPI: Reserving DSDT table memory at [mem 0x3fff0470-0x3fff2794]
[    0.000000] ACPI: Reserving FACS table memory at [mem 0x3fff0200-0x3fff023f]
[    0.000000] ACPI: Reserving FACS table memory at [mem 0x3fff0200-0x3fff023f]
[    0.000000] ACPI: Reserving APIC table memory at [mem 0x3fff0240-0x3fff029b]
[    0.000000] ACPI: Reserving SSDT table memory at [mem 0x3fff02a0-0x3fff046b]
[    0.000000] No NUMA configuration found
[    0.000000] Faking a node at [mem 0x0000000000000000-0x000000003ffeffff]
[    0.000000] NODE_DATA(0) allocated [mem 0x3ffc5000-0x3ffeffff]
[    0.000000] kvm-clock: cpu 0, msr 0:3ff44001, primary cpu clock
[    0.000000] kvm-clock: Using msrs 4b564d01 and 4b564d00
[    0.000000] kvm-clock: using sched offset of 3259423294 cycles
[    0.000000] clocksource: kvm-clock: mask: 0xffffffffffffffff max_cycles: 0x1cd42e4dffb, max_idle_ns: 881590591483 ns
[    0.000000] Zone ranges:
[    0.000000]   DMA      [mem 0x0000000000001000-0x0000000000ffffff]
[    0.000000]   DMA32    [mem 0x0000000001000000-0x000000003ffeffff]
[    0.000000]   Normal   empty
[    0.000000]   Device   empty
[    0.000000] Movable zone start for each node
[    0.000000] Early memory node ranges
[    0.000000]   node   0: [mem 0x0000000000001000-0x000000000009efff]
[    0.000000]   node   0: [mem 0x0000000000100000-0x000000003ffeffff]
[    0.000000] Reserved but unavailable: 104 pages
[    0.000000] Initmem setup node 0 [mem 0x0000000000001000-0x000000003ffeffff]
[    0.000000] ACPI: PM-Timer IO Port: 0x4008
[    0.000000] IOAPIC[0]: apic_id 2, version 32, address 0xfec00000, GSI 0-23
[    0.000000] ACPI: INT_SRC_OVR (bus 0 bus_irq 0 global_irq 2 dfl dfl)
[    0.000000] ACPI: INT_SRC_OVR (bus 0 bus_irq 9 global_irq 9 low level)
[    0.000000] Using ACPI (MADT) for SMP configuration information
[    0.000000] smpboot: Allowing 2 CPUs, 0 hotplug CPUs
[    0.000000] PM: Registered nosave memory: [mem 0x00000000-0x00000fff]
[    0.000000] PM: Registered nosave memory: [mem 0x0009f000-0x0009ffff]
[    0.000000] PM: Registered nosave memory: [mem 0x000a0000-0x000effff]
[    0.000000] PM: Registered nosave memory: [mem 0x000f0000-0x000fffff]
[    0.000000] e820: [mem 0x40000000-0xfebfffff] available for PCI devices
[    0.000000] Booting paravirtualized kernel on KVM
[    0.000000] clocksource: refined-jiffies: mask: 0xffffffff max_cycles: 0xffffffff, max_idle_ns: 7645519600211568 ns
[    0.000000] setup_percpu: NR_CPUS:8192 nr_cpumask_bits:2 nr_cpu_ids:2 nr_node_ids:1
[    0.000000] percpu: Embedded 50 pages/cpu s167936 r8192 d28672 u1048576
[    0.000000] PV qspinlock hash table entries: 256 (order: 0, 4096 bytes)
[    0.000000] Built 1 zonelists, mobility grouping on.  Total pages: 257913
[    0.000000] Policy zone: DMA32
[    0.000000] Kernel command line: BOOT_IMAGE=/boot/vmlinuz-4.15.0-212-generic root=LABEL=cloudimg-rootfs ro console=tty1 console=ttyS0
[    0.000000] Memory: 982644K/1048120K available (12300K kernel code, 2477K rwdata, 4324K rodata, 2480K init, 2720K bss, 65476K reserved, 0K cma-reserved)
[    0.000000] SLUB: HWalign=64, Order=0-3, MinObjects=0, CPUs=2, Nodes=1
[    0.000000] ftrace: allocating 39508 entries in 155 pages
[    0.004000] Hierarchical RCU implementation.
[    0.004000] 	RCU restricting CPUs from NR_CPUS=8192 to nr_cpu_ids=2.
[    0.004000] 	Tasks RCU enabled.
[    0.004000] RCU: Adjusting geometry for rcu_fanout_leaf=16, nr_cpu_ids=2
[    0.004000] NR_IRQS: 524544, nr_irqs: 440, preallocated irqs: 16
[    0.004000] random: crng init done
[    0.004000] Console: colour VGA+ 80x25
[    0.004000] console [tty1] enabled
[    0.004000] console [ttyS0] enabled
[    0.004000] ACPI: Core revision 20170831
[    0.004000] ACPI: 2 ACPI AML tables successfully acquired and loaded
[    0.004000] APIC: Switch to symmetric I/O mode setup
[    0.004000] x2apic enabled
[    0.004000] Switched APIC routing to physical x2apic.
[    0.004000] ..TIMER: vector=0x30 apic1=0 pin1=2 apic2=-1 pin2=-1
[    0.004000] tsc: Detected 2894.566 MHz processor
[    0.004000] Calibrating delay loop (skipped) preset value.. 5789.13 BogoMIPS (lpj=11578264)
[    0.004000] pid_max: default: 32768 minimum: 301
[    0.004000] Security Framework initialized
[    0.004000] Yama: becoming mindful.
[    0.004000] AppArmor: AppArmor initialized
[    0.004000] Dentry cache hash table entries: 131072 (order: 8, 1048576 bytes)
[    0.004049] Inode-cache hash table entries: 65536 (order: 7, 524288 bytes)
[    0.004892] Mount-cache hash table entries: 2048 (order: 2, 16384 bytes)
[    0.005699] Mountpoint-cache hash table entries: 2048 (order: 2, 16384 bytes)
[    0.008203] Last level iTLB entries: 4KB 1024, 2MB 1024, 4MB 512
[    0.008914] Last level dTLB entries: 4KB 2048, 2MB 2048, 4MB 1024, 1GB 0
[    0.009689] Spectre V1 : Mitigation: usercopy/swapgs barriers and __user pointer sanitization
[    0.010694] Spectre V2 : Mitigation: Retpolines
[    0.011245] Spectre V2 : Spectre v2 / SpectreRSB mitigation: Filling RSB on context switch
[    0.012002] Spectre V2 : Spectre v2 / SpectreRSB : Filling RSB on VMEXIT
[    0.012799] RETBleed: Vulnerable
[    0.013383] Freeing SMP alternatives memory: 36K
[    0.126187] APIC calibration not consistent with PM-Timer: 101ms instead of 100ms
[    0.127210] APIC delta adjusted to PM-Timer: 6275075 (6383957)
[    0.128045] smpboot: CPU0: AMD Ryzen 7 4800H with Radeon Graphics (family: 0x17, model: 0x60, stepping: 0x1)
[    0.129262] Performance Events: PMU not available due to virtualization, using software events only.
[    0.130407] Hierarchical SRCU implementation.
[    0.131340] NMI watchdog: Perf event create on CPU 0 failed with -2
[    0.132000] NMI watchdog: Perf NMI watchdog permanently disabled
[    0.132032] smp: Bringing up secondary CPUs ...
[    0.132654] x86: Booting SMP configuration:
[    0.133185] .... node  #0, CPUs:      #1
[    0.004000] kvm-clock: cpu 1, msr 0:3ff44041, secondary cpu clock
[    0.136013] smp: Brought up 1 node, 2 CPUs
[    0.136570] smpboot: Max logical packages: 1
[    0.137119] smpboot: Total of 2 processors activated (11578.26 BogoMIPS)
[    0.140033] devtmpfs: initialized
[    0.140476] x86/mm: Memory block size: 128MB
[    0.141622] evm: security.selinux
[    0.141622] evm: security.SMACK64
[    0.141622] evm: security.SMACK64EXEC
[    0.141622] evm: security.SMACK64TRANSMUTE
[    0.141622] evm: security.SMACK64MMAP
[    0.141916] evm: security.apparmor
[    0.142373] evm: security.ima
[    0.142781] evm: security.capability
[    0.144101] clocksource: jiffies: mask: 0xffffffff max_cycles: 0xffffffff, max_idle_ns: 7645041785100000 ns
[    0.144101] futex hash table entries: 512 (order: 3, 32768 bytes)
[    0.145484] pinctrl core: initialized pinctrl subsystem
[    0.146187] RTC time: 10:42:31, date: 06/22/23
[    0.146963] NET: Registered protocol family 16
[    0.148055] audit: initializing netlink subsys (disabled)
[    0.148732] audit: type=2000 audit(1687430556.609:1): state=initialized audit_enabled=0 res=1
[    0.152011] cpuidle: using governor ladder
[    0.152508] cpuidle: using governor menu
[    0.153145] ACPI: bus type PCI registered
[    0.153145] acpiphp: ACPI Hot Plug PCI Controller Driver version: 0.5
[    0.153273] PCI: Using configuration type 1 for base access
[    0.153934] PCI: Using configuration type 1 for extended access
[    0.156592] HugeTLB registered 2.00 MiB page size, pre-allocated 0 pages
[    0.156592] ACPI: Added _OSI(Module Device)
[    0.156592] ACPI: Added _OSI(Processor Device)
[    0.157103] ACPI: Added _OSI(3.0 _SCP Extensions)
[    0.157645] ACPI: Added _OSI(Processor Aggregator Device)
[    0.160006] ACPI: Added _OSI(Linux-Dell-Video)
[    0.160530] ACPI: Added _OSI(Linux-Lenovo-NV-HDMI-Audio)
[    0.161140] ACPI: Added _OSI(Linux-HPI-Hybrid-Graphics)
[    0.161938] ACPI: Executed 1 blocks of module-level executable AML code
[    0.165074] ACPI: Interpreter enabled
[    0.165595] ACPI: (supports S0 S5)
[    0.166079] ACPI: Using IOAPIC for interrupt routing
[    0.166863] PCI: Using host bridge windows from ACPI; if necessary, use "pci=nocrs" and report a bug
[    0.168000] ACPI: Enabled 2 GPEs in block 00 to 07
[    0.171568] ACPI: PCI Root Bridge [PCI0] (domain 0000 [bus 00-ff])
[    0.172000] acpi PNP0A03:00: _OSC: OS supports [ExtendedConfig ASPM ClockPM Segments MSI]
[    0.172626] acpi PNP0A03:00: _OSC: platform does not support [PCIeCapability]
[    0.173819] acpi PNP0A03:00: _OSC: not requesting control; platform does not support [PCIeCapability]
[    0.174914] acpi PNP0A03:00: _OSC: OS requested [PCIeHotplug PME AER PCIeCapability]
[    0.175846] acpi PNP0A03:00: _OSC: platform willing to grant [PCIeHotplug PME AER]
[    0.176002] acpi PNP0A03:00: _OSC failed (AE_SUPPORT); disabling ASPM
[    0.177038] PCI host bridge to bus 0000:00
[    0.177550] pci_bus 0000:00: root bus resource [io  0x0000-0x0cf7 window]
[    0.178340] pci_bus 0000:00: root bus resource [io  0x0d00-0xffff window]
[    0.179126] pci_bus 0000:00: root bus resource [mem 0x000a0000-0x000bffff window]
[    0.180002] pci_bus 0000:00: root bus resource [mem 0x40000000-0xfdffffff window]
[    0.180903] pci_bus 0000:00: root bus resource [bus 00-ff]
[    0.182945] pci 0000:00:01.1: legacy IDE quirk: reg 0x10: [io  0x01f0-0x01f7]
[    0.183848] pci 0000:00:01.1: legacy IDE quirk: reg 0x14: [io  0x03f6]
[    0.184000] pci 0000:00:01.1: legacy IDE quirk: reg 0x18: [io  0x0170-0x0177]
[    0.184002] pci 0000:00:01.1: legacy IDE quirk: reg 0x1c: [io  0x0376]
[    0.198018] pci 0000:00:07.0: quirk: [io  0x4000-0x403f] claimed by PIIX4 ACPI
[    0.199050] pci 0000:00:07.0: quirk: [io  0x4100-0x410f] claimed by PIIX4 SMB
[    0.204635] ACPI: PCI Interrupt Link [LNKA] (IRQs 5 9 10 *11)
[    0.205611] ACPI: PCI Interrupt Link [LNKB] (IRQs 5 9 *10 11)
[    0.206409] ACPI: PCI Interrupt Link [LNKC] (IRQs 5 *9 10 11)
[    0.207231] ACPI: PCI Interrupt Link [LNKD] (IRQs 5 9 10 *11)
[    0.208000] SCSI subsystem initialized
[    0.208056] pci 0000:00:02.0: vgaarb: setting as boot VGA device
[    0.209553] pci 0000:00:02.0: vgaarb: VGA device added: decodes=io+mem,owns=io+mem,locks=none
[    0.209553] pci 0000:00:02.0: vgaarb: bridge control possible
[    0.209553] vgaarb: loaded
[    0.209553] ACPI: bus type USB registered
[    0.209656] usbcore: registered new interface driver usbfs
[    0.210353] usbcore: registered new interface driver hub
[    0.212006] usbcore: registered new device driver usb
[    0.212640] EDAC MC: Ver: 3.0.0
[    0.216056] PCI: Using ACPI for IRQ routing
[    0.216780] NetLabel: Initializing
[    0.217235] NetLabel:  domain hash size = 128
[    0.217235] NetLabel:  protocols = UNLABELED CIPSOv4 CALIPSO
[    0.217235] NetLabel:  unlabeled traffic allowed by default
[    0.217364] clocksource: Switched to clocksource kvm-clock
[    0.220882] VFS: Disk quotas dquot_6.6.0
[    0.220882] VFS: Dquot-cache hash table entries: 512 (order 0, 4096 bytes)
[    0.220882] AppArmor: AppArmor Filesystem Enabled
[    0.220882] pnp: PnP ACPI init
[    0.220882] pnp: PnP ACPI: found 3 devices
[    0.239555] clocksource: acpi_pm: mask: 0xffffff max_cycles: 0xffffff, max_idle_ns: 2085701024 ns
[    0.240060] NET: Registered protocol family 2
[    0.240060] IP idents hash table entries: 16384 (order: 5, 131072 bytes)
[    0.242346] TCP established hash table entries: 8192 (order: 4, 65536 bytes)
[    0.243204] TCP bind hash table entries: 8192 (order: 5, 131072 bytes)
[    0.244925] TCP: Hash tables configured (established 8192 bind 8192)
[    0.245745] UDP hash table entries: 512 (order: 2, 16384 bytes)
[    0.246510] UDP-Lite hash table entries: 512 (order: 2, 16384 bytes)
[    0.247319] NET: Registered protocol family 1
[    0.247876] pci 0000:00:00.0: Limiting direct PCI/PCI transfers
[    0.248014] pci 0000:00:01.0: Activating ISA DMA hang workarounds
[    0.248014] pci 0000:00:02.0: Video device with shadowed ROM at [mem 0x000c0000-0x000dffff]
[    0.248014] Unpacking initramfs...
[    0.248014] Freeing initrd memory: 19528K
[    0.248014] clocksource: tsc: mask: 0xffffffffffffffff max_cycles: 0x29b935c540d, max_idle_ns: 440795337614 ns
[    0.248014] platform rtc_cmos: registered platform RTC device (no PNP device found)
[    0.248014] Scanning for low memory corruption every 60 seconds
[    0.468676] Initialise system trusted keyrings
[    0.470057] Key type blacklist registered
[    0.470634] workingset: timestamp_bits=36 max_order=18 bucket_order=0
[    0.471935] zbud: loaded
[    0.472672] squashfs: version 4.0 (2009/01/31) Phillip Lougher
[    0.474017] fuse init (API version 7.26)
[    0.479141] Key type asymmetric registered
[    0.479743] Asymmetric key parser 'x509' registered
[    0.480414] Block layer SCSI generic (bsg) driver version 0.4 loaded (major 246)
[    0.481395] io scheduler noop registered
[    0.481897] io scheduler deadline registered
[    0.482450] io scheduler cfq registered (default)
[    0.483239] ACPI: AC Adapter [AC] (on-line)
[    0.483801] input: Power Button as /devices/LNXSYSTM:00/LNXPWRBN:00/input/input0
[    0.484850] ACPI: Power Button [PWRF]
[    0.485377] input: Sleep Button as /devices/LNXSYSTM:00/LNXSLPBN:00/input/input1
[    0.486315] ACPI: Sleep Button [SLPF]
[    0.487077] Serial: 8250/16550 driver, 32 ports, IRQ sharing enabled
[    0.487467] ACPI: Battery Slot [BAT0] (battery present)
[    0.509503] 00:02: ttyS0 at I/O 0x3f8 (irq = 4, base_baud = 115200) is a 16550A
[    0.513558] Linux agpgart interface v0.103
[    0.516063] loop: module loaded
[    0.516968] scsi host0: ata_piix
[    0.517552] scsi host1: ata_piix
[    0.518022] ata1: PATA max UDMA/33 cmd 0x1f0 ctl 0x3f6 bmdma 0xd000 irq 14
[    0.518865] ata2: PATA max UDMA/33 cmd 0x170 ctl 0x376 bmdma 0xd008 irq 15
[    0.520058] tun: Universal TUN/TAP device driver, 1.6
[    0.520799] PPP generic driver version 2.4.2
[    0.521456] ehci_hcd: USB 2.0 'Enhanced' Host Controller (EHCI) Driver
[    0.522263] ehci-pci: EHCI PCI platform driver
[    0.522837] ehci-platform: EHCI generic platform driver
[    0.523477] ohci_hcd: USB 1.1 'Open' Host Controller (OHCI) Driver
[    0.524219] ohci-pci: OHCI PCI platform driver
[    0.524818] ohci-platform: OHCI generic platform driver
[    0.525505] uhci_hcd: USB Universal Host Controller Interface driver
[    0.526307] i8042: PNP: PS/2 Controller [PNP0303:PS2K,PNP0f03:PS2M] at 0x60,0x64 irq 1,12
[    0.527672] serio: i8042 KBD port at 0x60,0x64 irq 1
[    0.528274] serio: i8042 AUX port at 0x60,0x64 irq 12
[    0.529073] mousedev: PS/2 mouse device common for all mice
[    0.530437] rtc_cmos rtc_cmos: rtc core: registered rtc_cmos as rtc0
[    0.531212] rtc_cmos rtc_cmos: alarms up to one day, 114 bytes nvram
[    0.531933] input: AT Translated Set 2 keyboard as /devices/platform/i8042/serio0/input/input2
[    0.532244] i2c /dev entries driver
[    0.537138] device-mapper: uevent: version 1.0.3
[    0.537946] device-mapper: ioctl: 4.37.0-ioctl (2017-09-20) initialised: dm-devel@redhat.com
[    0.539140] ledtrig-cpu: registered to indicate activity on CPUs
[    0.540786] NET: Registered protocol family 10
[    0.544815] Segment Routing with IPv6
[    0.545347] NET: Registered protocol family 17
[    0.545948] Key type dns_resolver registered
[    0.546654] mce: Using 0 MCE banks
[    0.547097] RAS: Correctable Errors collector initialized.
[    0.547729] sched_clock: Marking stable (546628521, 0)->(669067132, -122438611)
[    0.548965] registered taskstats version 1
[    0.549456] Loading compiled-in X.509 certificates
[    0.551622] Loaded X.509 cert 'Build time autogenerated kernel key: b5b26778eaa3ab3a4a6cee031137706e947d12ad'
[    0.553177] Loaded X.509 cert 'Canonical Ltd. Live Patch Signing: 14df34d1a87cf37625abec039ef2bf521249b969'
[    0.554656] Loaded X.509 cert 'Canonical Ltd. Kernel Module Signing: 88f752e560a1e0737e31163a466ad7b70a850c19'
[    0.555846] blacklist: Loading compiled-in revocation X.509 certificates
[    0.556599] Loaded X.509 cert 'Canonical Ltd. Secure Boot Signing: 61482aa2830d0ab2ad5af10b7250da9033ddcef0'
[    0.557755] Loaded X.509 cert 'Canonical Ltd. Secure Boot Signing (2017): 242ade75ac4a15e50d50c84b0d45ff3eae707a03'
[    0.559000] Loaded X.509 cert 'Canonical Ltd. Secure Boot Signing (ESM 2018): 365188c1d374d6b07c3c8f240f8ef722433d6a8b'
[    0.560246] Loaded X.509 cert 'Canonical Ltd. Secure Boot Signing (2019): c0746fd6c5da3ae827864651ad66ae47fe24b3e8'
[    0.561451] Loaded X.509 cert 'Canonical Ltd. Secure Boot Signing (2021 v1): a8d54bbb3825cfb94fa13c9f8a594a195c107b8d'
[    0.562698] Loaded X.509 cert 'Canonical Ltd. Secure Boot Signing (2021 v2): 4cf046892d6fd3c9a5b03f98d845f90851dc6a8c'
[    0.563940] Loaded X.509 cert 'Canonical Ltd. Secure Boot Signing (2021 v3): 100437bb6de6e469b581e61cd66bce3ef4ed53af'
[    0.565170] Loaded X.509 cert 'Canonical Ltd. Secure Boot Signing (Ubuntu Core 2019): c1d57b8f6b743f23ee41f4f7ee292f06eecadfb9'
[    0.566510] zswap: loaded using pool lzo/zbud
[    0.569920] Key type big_key registered
[    0.570501] Key type trusted registered
[    0.572128] Key type encrypted registered
[    0.572689] AppArmor: AppArmor sha1 policy hashing enabled
[    0.573391] ima: No TPM chip found, activating TPM-bypass! (rc=-19)
[    0.574127] ima: Allocated hash algorithm: sha1
[    0.574687] evm: HMAC attrs: 0x1
[    0.575257]   Magic number: 11:397:730
[    0.575821] rtc_cmos rtc_cmos: setting system clock to 2023-06-22 10:42:31 UTC (1687430551)
[    0.577002] BIOS EDD facility v0.16 2004-Jun-25, 0 devices found
[    0.578291] EDD information not available.
[    0.701006] Freeing unused kernel image memory: 2480K
[    1.305088] Write protecting the kernel read-only data: 20480k
[    1.306786] Freeing unused kernel image memory: 2008K
[    1.307693] Freeing unused kernel image memory: 1820K
[    1.313967] x86/mm: Checked W+X mappings: passed, no W+X pages found.
Loading, please wait...
starting version 237
[    1.354130] Fusion MPT base driver 3.04.20
[    1.354906] Copyright (c) 1999-2008 LSI Corporation
[    1.356334] e1000: Intel(R) PRO/1000 Network Driver - version 7.3.21-k8-NAPI
[    1.357260] e1000: Copyright (c) 1999-2006 Intel Corporation.
[    1.362353] Fusion MPT SPI Host driver 3.04.20
[    1.370968] AVX2 version of gcm_enc/dec engaged.
[    1.371642] AES CTR mode by8 optimization enabled
[    1.573361] input: ImExPS/2 Generic Explorer Mouse as /devices/platform/i8042/serio1/input/input4
[    1.907707] e1000 0000:00:03.0 eth0: (PCI:33MHz:32-bit) 02:3b:7b:b7:3b:2d
[    1.908628] e1000 0000:00:03.0 eth0: Intel(R) PRO/1000 Network Connection
[    1.910276] mptbase: ioc0: Initiating bringup
[    1.910590] e1000 0000:00:03.0 enp0s3: renamed from eth0
[    2.440761] ioc0: LSI53C1030 A0: Capabilities={Initiator}
[    2.682704] scsi host2: ioc0: LSI53C1030 A0, FwRev=00000000h, Ports=1, MaxQ=256, IRQ=20
[    3.717057] scsi 2:0:0:0: Direct-Access     VBOX     HARDDISK         1.0  PQ: 0 ANSI: 5
[    3.744144] scsi target2:0:0: Beginning Domain Validation
[    3.747737] scsi target2:0:0: Domain Validation skipping write tests
[    3.748580] scsi target2:0:0: Ending Domain Validation
[    3.749385] scsi target2:0:0: asynchronous
[    3.750492] scsi 2:0:1:0: Direct-Access     VBOX     HARDDISK         1.0  PQ: 0 ANSI: 5
[    4.052034] scsi target2:0:1: Beginning Domain Validation
[    4.055736] scsi target2:0:1: Domain Validation skipping write tests
[    4.056571] scsi target2:0:1: Ending Domain Validation
[    4.057300] scsi target2:0:1: asynchronous
[    4.061357] sd 2:0:0:0: Attached scsi generic sg0 type 0
[    4.062287] sd 2:0:0:0: [sda] 83886080 512-byte logical blocks: (42.9 GB/40.0 GiB)
[    4.063382] sd 2:0:0:0: [sda] Write Protect is off
[    4.063578] sd 2:0:1:0: [sdb] 20480 512-byte logical blocks: (10.5 MB/10.0 MiB)
[    4.065072] sd 2:0:1:0: [sdb] Write Protect is off
[    4.065115] sd 2:0:1:0: Attached scsi generic sg1 type 0
[    4.066408] sd 2:0:0:0: [sda] Incomplete mode parameter data
[    4.066470] sd 2:0:1:0: [sdb] Incomplete mode parameter data
[    4.067149] sd 2:0:0:0: [sda] Assuming drive cache: write through
[    4.067842] sd 2:0:1:0: [sdb] Assuming drive cache: write through
[    4.070701]  sda: sda1
[    4.071768] sd 2:0:0:0: [sda] Attached SCSI disk
[    4.072477] sd 2:0:1:0: [sdb] Attached SCSI disk
Begin: Loading essential drivers ... [    5.461777] raid6: sse2x1   gen()  8942 MB/s
[    5.509650] raid6: sse2x1   xor()  8767 MB/s
[    5.557516] raid6: sse2x2   gen() 17979 MB/s
[    5.605396] raid6: sse2x2   xor() 11929 MB/s
[    5.653288] raid6: sse2x4   gen() 18794 MB/s
[    5.700194] raid6: sse2x4   xor() 10684 MB/s
[    5.748079] raid6: avx2x1   gen() 20430 MB/s
[    5.797161] raid6: avx2x1   xor() 16372 MB/s
[    5.844818] raid6: avx2x2   gen() 35627 MB/s
[    5.893670] raid6: avx2x2   xor() 22144 MB/s
[    5.941552] raid6: avx2x4   gen() 38141 MB/s
[    5.989893] raid6: avx2x4   xor() 17927 MB/s
[    5.990524] raid6: using algorithm avx2x4 gen() 38141 MB/s
[    5.991220] raid6: .... xor() 17927 MB/s, rmw enabled
[    5.991921] raid6: using avx2x2 recovery algorithm
[    5.993836] xor: automatically using best checksumming function   avx       
[    5.995397] async_tx: api initialized (async)
done.
Begin: Running /scripts/init-premount ... done.
Begin: Mounting root file system ... Begin: Running /scripts/local-top ... done.
Begin: Running /scripts/local-premount ... [    6.026716] Btrfs loaded, crc32c=crc32c-intel
Scanning for Btrfs filesystems
done.
Warning: fsck not present, so skipping root file system
[    6.053261] EXT4-fs (sda1): mounted filesystem with ordered data mode. Opts: (null)
done.
Begin: Running /scripts/local-bottom ... done.
Begin: Running /scripts/init-bottom ... done.
[    6.189098] ip_tables: (C) 2000-2006 Netfilter Core Team
[    6.196514] systemd[1]: systemd 237 running in system mode. (+PAM +AUDIT +SELINUX +IMA +APPARMOR +SMACK +SYSVINIT +UTMP +LIBCRYPTSETUP +GCRYPT +GNUTLS +ACL +XZ +LZ4 +SECCOMP +BLKID +ELFUTILS +KMOD -IDN2 +IDN -PCRE2 default-hierarchy=hybrid)
[    6.199037] systemd[1]: Detected virtualization oracle.
[    6.199695] systemd[1]: Detected architecture x86-64.

Welcome to [1mUbuntu 18.04.6 LTS[0m!

[    6.204483] systemd[1]: Set hostname to <ubuntu>.
[    6.206542] systemd[1]: Initializing machine ID from random generator.
[    6.208053] systemd[1]: Installed transient /etc/machine-id file.
[    6.399037] systemd[1]: Reached target System Time Synchronized.
[[0;32m  OK  [0m] Reached target System Time Synchronized.
[    6.401376] systemd[1]: Created slice System Slice.
[[0;32m  OK  [0m] Created slice System Slice.
[    6.608220] systemd[1]: Listening on udev Kernel Socket.
[[0;32m  OK  [0m] Listening on udev Kernel Socket.
[    6.620844] systemd[1]: Listening on udev Control Socket.
[[0;32m  OK  [0m] Listening on udev Control Socket.
[[0;32m  OK  [0m] Created slice system-serial\x2dgetty.slice.
[[0;32m  OK  [0m] Listening on Device-mapper event daemon FIFOs.
[[0;32m  OK  [0m] Reached target Mounting snaps.
[[0;32m  OK  [0m] Started Forward Password Requests to Wall Directory Watch.
[[0;32m  OK  [0m] Reached target User and Group Name Lookups.
[[0;32m  OK  [0m] Listening on Journal Audit Socket.
[[0;32m  OK  [0m] Listening on Journal Socket.
         Mounting POSIX Message Queue File System...
         Mounting Kernel Debug File System...
         Starting Set the console keyboard layout...
         Starting udev Coldplug all Devices...
[[0;32m  OK  [0m] Listening on fsck to fsckd communication Socket.
         Starting File System Check on Root Device...
[[0;32m  OK  [0m] Listening on /dev/initctl Compatibility Named Pipe.
[[0;32m  OK  [0m] Reached target Mounted snaps.
         Starting Create list of required stâ€¦ce nodes for the current kernel...
         Starting Load Kernel Modules...
[[0;32m  OK  [0m] Reached target Swap.
[[0;32m  OK  [0m] Listening on Syslog Socket.
[[0;32m  OK  [0m] Listening on LVM2 poll daemon socket.
[[0;32m  OK  [0m] Listening on LVM2 metadata daemon socket.
         Starting Monitoring of LVM2 mirrorsâ€¦ng dmeventd or progress polling...
         Starting Uncomplicated firewall...
[[0;32m  OK  [0m] Listening on Network Service Netlink Socket.
[[0;32m  OK  [0m] Listening on Journal Socket (/dev/log).
         Starting Journal Service...
[[0;32m  OK  [0m] Set up automount Arbitrary Executabâ€¦rmats File System Automount Point.
         Mounting Huge Pages File System...
[    6.753552] Loading iSCSI transport class v2.0-870.
[    6.758418] iscsi: registered transport (tcp)
[[0;32m  OK  [0m] Created slice User and Session Slice.
[[0;32m  OK  [0m] Reached target Slices.
[[0;32m  OK  [0m] Mounted POSIX Message Queue File System.
[[0;32m  OK  [0m] Mounted Kernel Debug File System.
[[0;32m  OK  [0m] Started File System Check on Root Device.
[[0;32m  OK  [0m] Started Create list of required staâ€¦vice nodes for the current kernel.
[[0;32m  OK  [0m] Started Uncomplicated firewall.
[[0;32m  OK  [0m] Mounted Huge Pages File System.
[[0;32m  OK  [0m] Started LVM2 metadata daemon.
[[0;32m  OK  [0m] Started File System Check Daemon to report status.
         Starting Create Static Device Nodes in /dev...
         Starting Remount Root and Kernel File Systems...
[    6.832175] iscsi: registered transport (iser)
[[0;32m  OK  [0m] Started Journal Service.
[[0;32m  OK  [0m] Started Load Kernel Modules.
[[0;32m  OK  [0m] Started udev Coldplug all Devices.
         Mounting FUSE Control File System...
         Mounting Kernel Configuration File System...
         Starting Apply Kernel Variables...
[[0;32m  OK  [0m] Started Create Static Device Nodes in /dev.
[[0;32m  OK  [0m] Mounted FUSE Control File System.
[[0;32m  OK  [0m] Mounted Kernel Configuration File System.
[[0;32m  OK  [0m] Started Remount Root and Kernel File Systems.
         Starting Flush Journal to Persistent Storage...
         Starting Load/Save Random Seed...
         Starting udev Kernel Device Manager...
[[0;32m  OK  [0m] Started Monitoring of LVM2 mirrors,â€¦sing dmeventd or progress polling.
[[0;32m  OK  [0m] Started Apply Kernel Variables.
[[0;32m  OK  [0m] Started Load/Save Random Seed.
[[0;32m  OK  [0m] Started udev Kernel Device Manager.
[[0;32m  OK  [0m] Started Flush Journal to Persistent Storage.
[[0;32m  OK  [0m] Found device /dev/ttyS0.
[[0;32m  OK  [0m] Listening on Load/Save RF Kill Switch Status /dev/rfkill Watch.
         Mounting Arbitrary Executable File Formats File System...
[[0;32m  OK  [0m] Mounted Arbitrary Executable File Formats File System.
[[0;32m  OK  [0m] Started Set the console keyboard layout.
[[0;32m  OK  [0m] Reached target Local File Systems (Pre).
[[0;32m  OK  [0m] Reached target Local File Systems.
         Starting ebtables ruleset management...
         Starting AppArmor initialization...
         Starting Tell Plymouth To Write Out Runtime Data...
         Starting Commit a transient machine-id on disk...
         Starting Create Volatile Files and Directories...
         Starting Set console font and keymap...
[[0;32m  OK  [0m] Started Dispatch Password Requests to Console Directory Watch.
[[0;32m  OK  [0m] Reached target Local Encrypted Volumes.
[[0;32m  OK  [0m] Started Tell Plymouth To Write Out Runtime Data.
[[0;32m  OK  [0m] Started Create Volatile Files and Directories.
         Starting Update UTMP about System Boot/Shutdown...
[[0;32m  OK  [0m] Started Update UTMP about System Boot/Shutdown.
[[0;32m  OK  [0m] Started Commit a transient machine-id on disk.
[[0;32m  OK  [0m] Started ebtables ruleset management.
[[0;32m  OK  [0m] Started Set console font and keymap.
[[0;32m  OK  [0m] Started AppArmor initialization.
         Starting Initial cloud-init job (pre-networking)...
         Starting Load AppArmor profiles managed internally by snapd...
[[0;32m  OK  [0m] Started Load AppArmor profiles managed internally by snapd.
[   10.105183] cloud-init[906]: Cloud-init v. 23.1.2-0ubuntu0~18.04.1 running 'init-local' at Thu, 22 Jun 2023 10:42:40 +0000. Up 9.81 seconds.
[[0;32m  OK  [0m] Started Initial cloud-init job (pre-networking).
[[0;32m  OK  [0m] Reached target Network (Pre).
         Starting Network Service...
[[0;32m  OK  [0m] Started Network Service.
         Starting Wait for Network to be Configured...
         Starting Network Name Resolution...
[[0;32m  OK  [0m] Started Network Name Resolution.
[[0;32m  OK  [0m] Reached target Host and Network Name Lookups.
[[0;32m  OK  [0m] Reached target Network.
[[0;32m  OK  [0m] Started Wait for Network to be Configured.
         Starting Initial cloud-init job (metadata service crawler)...
[   12.633064] cloud-init[1045]: Cloud-init v. 23.1.2-0ubuntu0~18.04.1 running 'init' at Thu, 22 Jun 2023 10:42:43 +0000. Up 12.49 seconds.
[   12.634810] cloud-init[1045]: ci-info: ++++++++++++++++++++++++++++++++++++++Net device info++++++++++++++++++++++++++++++++++++++
[   12.635736] cloud-init[1045]: ci-info: +--------+------+----------------------------+---------------+--------+-------------------+
[   12.636547] cloud-init[1045]: ci-info: | Device |  Up  |          Address           |      Mask     | Scope  |     Hw-Address    |
[   12.637324] cloud-init[1045]: ci-info: +--------+------+----------------------------+---------------+--------+-------------------+
[   12.638155] cloud-init[1045]: ci-info: | enp0s3 | True |         10.0.2.15          | 255.255.255.0 | global | 02:3b:7b:b7:3b:2d |
[   12.638979] cloud-init[1045]: ci-info: | enp0s3 | True | fe80::3b:7bff:feb7:3b2d/64 |       .       |  link  | 02:3b:7b:b7:3b:2d |
[   12.639836] cloud-init[1045]: ci-info: |   lo   | True |         127.0.0.1          |   255.0.0.0   |  host  |         .         |
[   12.640734] cloud-init[1045]: ci-info: |   lo   | True |          ::1/128           |       .       |  host  |         .         |
[   12.641532] cloud-init[1045]: ci-info: +--------+------+----------------------------+---------------+--------+-------------------+
[   12.642334] cloud-init[1045]: ci-info: ++++++++++++++++++++++++++++Route IPv4 info+++++++++++++++++++++++++++++
[   12.643042] cloud-init[1045]: ci-info: +-------+-------------+----------+-----------------+-----------+-------+
[   12.643845] cloud-init[1045]: ci-info: | Route | Destination | Gateway  |     Genmask     | Interface | Flags |
[   12.644521] cloud-init[1045]: ci-info: +-------+-------------+----------+-----------------+-----------+-------+
[   12.645202] cloud-init[1045]: ci-info: |   0   |   0.0.0.0   | 10.0.2.2 |     0.0.0.0     |   enp0s3  |   UG  |
[   12.645918] cloud-init[1045]: ci-info: |   1   |   10.0.2.0  | 0.0.0.0  |  255.255.255.0  |   enp0s3  |   U   |
[   12.646584] cloud-init[1045]: ci-info: |   2   |   10.0.2.2  | 0.0.0.0  | 255.255.255.255 |   enp0s3  |   UH  |
[   12.647196] cloud-init[1045]: ci-info: +-------+-------------+----------+-----------------+-----------+-------+
[   12.647893] cloud-init[1045]: ci-info: +++++++++++++++++++Route IPv6 info+++++++++++++++++++
[   12.648496] cloud-init[1045]: ci-info: +-------+-------------+---------+-----------+-------+
[   12.649077] cloud-init[1045]: ci-info: | Route | Destination | Gateway | Interface | Flags |
[   12.649663] cloud-init[1045]: ci-info: +-------+-------------+---------+-----------+-------+
[   12.650252] cloud-init[1045]: ci-info: |   1   |  fe80::/64  |    ::   |   enp0s3  |   U   |
[   12.650860] cloud-init[1045]: ci-info: |   3   |    local    |    ::   |   enp0s3  |   U   |
[   12.651384] cloud-init[1045]: ci-info: |   4   |   ff00::/8  |    ::   |   enp0s3  |   U   |
[   12.651989] cloud-init[1045]: ci-info: +-------+-------------+---------+-----------+-------+
[   13.190996] cloud-init[1045]: Generating public/private rsa key pair.
[   13.191518] cloud-init[1045]: Your identification has been saved in /etc/ssh/ssh_host_rsa_key.
[   13.192114] cloud-init[1045]: Your public key has been saved in /etc/ssh/ssh_host_rsa_key.pub.
[   13.205222] cloud-init[1045]: The key fingerprint is:
[   13.206122] cloud-init[1045]: SHA256:pDdITQRyTh/jiriPV8Z3PlsYceDYGfXqz+FUekIBgMc root@ubuntu-bionic
[   13.220873] cloud-init[1045]: The key's randomart image is:
[   13.236617] cloud-init[1045]: +---[RSA 2048]----+
[   13.237932] cloud-init[1045]: |    . +o=o+oo    |
[   13.248280] cloud-init[1045]: |     = =.*E+ o   |
[   13.249270] cloud-init[1045]: |      o *.= . o  |
[   13.260142] cloud-init[[1045]: [0;32m  OK  [0m|   . o =   o . . |] 
Started Initial cloud-init job (metadata service crawler).
[[0;32m  OK  [0m] Reached target Cloud-config availability.
[[0;32m  OK  [0m] Reached target System Initialization.
[[0;32m  OK  [0m] Started Message of the Day.
[[0;32m  OK  [0m] Listening on UUID daemon activation socket.
[[0;32m  OK  [0m] Started Discard unused blocks once a week.
[[0;32m  OK  [0m] Listening on D-Bus System Message Bus Socket.
[[0;32m  OK  [0m] Started ACPI Events Check.
[[0;32m  OK  [0m] Reached target Paths.
[[0;32m  OK  [0m] Started Daily apt download activities.
[[0;32m  OK  [0m] Started Daily apt upgrade and clean activities.
[   13.263625] cloud-init         Starting LXD - unix socket.
[[0;32m  OK  [0m] Listening on cloud-init hotplug hook socket.
[[0;32m  OK  [0m] Started Daily Cleanup of Temporary Directories.
[[0;32m  OK  [0m] Started Ubuntu Advantage Timer for running repeated jobs.
[[0;32m  OK  [0m] Reached target Timers.
[[0;32m  OK  [0m] Listening on Open-iSCSI iscsid Socket.
         Starting Socket activation for snappy daemon.
[[0;32m  OK  [0m] Listening on ACPID Listen Socket.
[[0;32m  OK  [0m] Reached target Network is Online.
[[0;32m  OK  [0m] Reached target Remote File Systems (Pre).
[[0;32m  OK  [0m] Reached target Remote File Systems.
         Starting Availability of block devices...
[[0;32m  OK  [0m] Listening on Socket activation for snappy daemon.
[1045]: |  . ..+ S . . . .|
[   13.269242] cloud-init[1045]: |   .  +....+ . o |
[[0;32m  OK  [0m] Listening on LXD - unix socket.
[[0;32m  OK  [0m] Reached target Sockets.
[[0;32m  OK  [0m] Reached target Basic System.
[   13.272532] cloud-init[1045]: |  .  o . o. o = .|
[   13.274851] cloud-init[1045]: |   o.     o. = + |
[   13.275757] cloud-init[1045]: |  ...     .o  +  |
[[0;32m  OK  [0m] Started Regular background program processing daemon.
[   13.276634] cloud-init[1045]: [[0;32m  OK  [0m] Started Deferred execution scheduler.
[[0;32m  OK  [0m] Started D-Bus System Message Bus.
+----[SHA256]-----+
[   13.278560] cloud-init[1045]: Generating public/private dsa key pair.
[   13.279147] cloud-init[1045]: Your identification has been saved in /etc/ssh/ssh_host_dsa_key.
[   13.280749] cloud-init[1045]: Your public key has been saved in /etc/ssh/ssh_host_dsa_key.pub.
[   13.281413] cloud-init[1045]: The key fingerprint is:
[   13.281842] cloud-init[1045]: SHA256:FXzhWs6Cm5GvXKfNWsOPTYnLjGG9EIb/APQeM3yvQzo root@ubuntu-bionic
[   13.282474] cloud-init[1045]: The key's randomart image is:
[   13.282946] cloud-init[1045]: +---[DSA 1024]----+
[   13.283365] cloud-init[1045]: |         .. ..   |
[   13.283771] cloud-init[1045]: |          .o.    |
[   13.284670] cloud-init[1045]: |        . ..o    |
[   13.286095] cloud-init[1045]: |       . B =     |
[   13.286598] cloud-init[1045]: |        S @ +    |
[   13.287022] cloud-init[1045]: |         X X.o . |
[   13.287436] cloud-init[1045]: |        o XoB +  |
[   13.287849] cloud-init[1045]: |       . +E#.X   |
[   13.288456] cloud-init[1045]: |        o +o@.o  |
[   13.288936] cloud-init[1045]: +----[SHA256]-----+
[   13.289335] cloud-init[1045]: Generating public/private ecdsa key pair.
[   13.289834] cloud-init[1045]: Your identification has been saved in /etc/ssh/ssh_host_ecdsa_key.
[   13.290517] cloud-init[1045]: Your public key has been saved in /etc/ssh/ssh_host_ecdsa_key.pub.
[   13.291136] cloud-init[1045]: The key fingerprint is:
[   13.291575] cloud-init[1045]: SHA256:/LVKlbNcz5Gn3ff0SjQmxUOmJXtyArN952SQC2R0Ad8 root@ubuntu-bionic
[   13.292269] cloud-init[1045]: The key's randomart image is:
[   13.292745] cloud-init[1045]: +---[ECDSA 256]---+
[   13.293171] cloud-init[1045]: |          oo*.Bo |
[   13.293579] cloud-init[1045]: |           *.@.o |
[   13.293976] cloud-init[1045]: |          . *.O.E|
[   13.304711] cloud-init[1045]: |       .     O.*.|
[   13.305265] cloud-init[1045]: |        S   * =oo|
[   13.305718] cloud-init[1045]: |         . + O *+|
[   13.306307] cloud-init[1045]: |          o + o B|
[   13.306737] cloud-init[1045]: |         . . . .+|
[   13.307500] cloud-init[1045]: |          .   ..o|
[   13.308009] cloud-init[1045]: +----[SHA256]-----+
[   13.308522] cloud-init[1045]: Generating public/private ed25519 key pair.
[   13.309632] cloud-init[1045]: Your identification has been saved in /etc/ssh/ssh_host_ed25519_key.
[   13.310473] cloud-init[1045]: Your public key has been saved in /etc/ssh/ssh_host_ed25519_key.pub.
[   13.311217] cloud-init[1045]: The key fingerprint is:
[   13.311724] cloud-init[1045]: SHA256:1gmArTh8j/tFo+sMHEFeDg3hPsQR4WJ7DirTubdWxQA root@ubuntu-bionic
[   13.312437] cloud-init[1045]: The key's randomart image is:
[   13.312922] cloud-init[1045]: +--[ED25519 256]--+
         Starting LSB: Record successful boot for GRUB...
[   13.323944] cloud-init[1045]: |    EXo          |
[   13.325557] cloud-init[1045]: |   *.=+.         |
[   13.326045] cloud-init[1045]: | .o.B..o.        |
[   13.326632] cloud-init[1045]: | .+=o.  oo .     |
[   13.327038] cloud-init[1045]: |  oo=o .S o      |
[   13.327773] cloud-init[1045]: | o *.oo+ .       |
[   13.328394] cloud-init[1045]: |+ o +o. .        |
[   13.328828] cloud-init[1045]: |.. .+o o         |
[   13.329252] cloud-init[1045]: |  .o.+=          |
[   13.329710] cloud-init[1045]: +----[SHA256]-----+
[[0;32m  OK  [0m] Started irqbalance daemon.
[[0;32m  OK  [0m] Started FUSE filesystem for LXC.
         Starting Virtualbox guest utils...
         Starting Dispatcher daemon for systemd-networkd...
         Starting System Logging Service...
         Starting Snap Daemon...
         Starting Login Service...
         Starting Pollinate to seed the pseudo random number generator...
[[0;32m  OK  [0m] Reached target Login Prompts (Pre).
         Starting Permit User Sessions...
         Starting Accounts Service...
         Starting LSB: automatic crash report generation...
         Starting LXD - container startup/shutdown...
[[0;32m  OK  [0m] Started System Logging Service.
[[0;32m  OK  [0m] Started Availability of block devices.
[[0;32m  OK  [0m] Started Permit User Sessions.
         Starting Terminate Plymouth Boot Screen...
         Starting Hold until boot process finishes up...
[[0;32m  OK  [0m] Started Hold until boot process finishes up.
         Starting Set console scheme...
[[0;32m  OK  [0m] Started Serial Getty on ttyS0.
[[0;32m  OK  [0m] Started Terminate Plymouth Boot Screen.
[[0;32m  OK  [0m] Started Login Service.
[[0;32m  OK  [0m] Started Set console scheme.
[[0;32m  OK  [0m] Created slice system-getty.slice.
[[0;32m  OK  [0m] Started Getty on tty1.
[[0;32m  OK  [0m] Reached target Login Prompts.
         Starting Authorization Manager...
[[0;32m  OK  [0m] Started Unattended Upgrades Shutdown.
[[0;32m  OK  [0m] Started LSB: Record successful boot for GRUB.
[[0;32m  OK  [0m] Started LSB: automatic crash report generation.
[[0;32m  OK  [0m] Started Authorization Manager.
[[0;32m  OK  [0m] Started Accounts Service.
[[0;32m  OK  [0m] Started LXD - container startup/shutdown.
[[0;32m  OK  [0m] Started Virtualbox guest utils.
[[0;32m  OK  [0m] Started Dispatcher daemon for systemd-networkd.
[[0;32m  OK  [0m] Started Snap Daemon.
         Starting Wait until snapd is fully seeded...
[[0;32m  OK  [0m] Started Pollinate to seed the pseudo random number generator.
         Starting OpenBSD Secure Shell server...
[[0;32m  OK  [0m] Started OpenBSD Secure Shell server.
[[0;32m  OK  [0m] Created slice User Slice of vagrant.
         Starting User Manager for UID 1000...
[[0;32m  OK  [0m] Started Session 1 of user vagrant.
[[0;32m  OK  [0m] Started User Manager for UID 1000.
         Starting Time & Date Service...
[[0;32m  OK  [0m] Started Time & Date Service.
[[0;32m  OK  [0m] Started Wait until snapd is fully seeded.
         Starting Apply the settings specified in cloud-config...
[   16.778419] cloud-init[1772]: Cloud-init v. 23.1.2-0ubuntu0~18.04.1 running 'modules:config' at Thu, 22 Jun 2023 10:42:47 +0000. Up 16.43 seconds.
[[0;32m  OK  [0m] Started Apply the settings specified in cloud-config.
[[0;32m  OK  [0m] Reached target Multi-User System.
[[0;32m  OK  [0m] Reached target Graphical Interface.
         Starting Update UTMP about System Runlevel Changes...
         Starting Execute cloud user/final scripts...
[[0;32m  OK  [0m] Started Update UTMP about System Runlevel Changes.
ci-info: no authorized SSH keys fingerprints found for user ubuntu.
<14>Jun 22 10:42:48 cloud-init: #############################################################
<14>Jun 22 10:42:48 cloud-init: -----BEGIN SSH HOST KEY FINGERPRINTS-----
<14>Jun 22 10:42:48 cloud-init: 1024 SHA256:FXzhWs6Cm5GvXKfNWsOPTYnLjGG9EIb/APQeM3yvQzo root@ubuntu-bionic (DSA)
<14>Jun 22 10:42:48 cloud-init: 256 SHA256:/LVKlbNcz5Gn3ff0SjQmxUOmJXtyArN952SQC2R0Ad8 root@ubuntu-bionic (ECDSA)
<14>Jun 22 10:42:48 cloud-init: 256 SHA256:1gmArTh8j/tFo+sMHEFeDg3hPsQR4WJ7DirTubdWxQA root@ubuntu-bionic (ED25519)
<14>Jun 22 10:42:48 cloud-init: 2048 SHA256:pDdITQRyTh/jiriPV8Z3PlsYceDYGfXqz+FUekIBgMc root@ubuntu-bionic (RSA)
<14>Jun 22 10:42:48 cloud-init: -----END SSH HOST KEY FINGERPRINTS-----
<14>Jun 22 10:42:48 cloud-init: #############################################################
-----BEGIN SSH HOST KEY KEYS-----
ecdsa-sha2-nistp256 AAAAE2VjZHNhLXNoYTItbmlzdHAyNTYAAAAIbmlzdHAyNTYAAABBBKMXkyO4Kbjx/12BEZe7l8cklouAyqO4v22Wp7gCEpT6JGXmdAG5R92x4NiLYptjRE1NzfXQVw1ZdD1xYgQ3RHg= root@ubuntu-bionic
ssh-ed25519 AAAAC3NzaC1lZDI1NTE5AAAAIBST+QJHkezTTAI9w/4DFINAcxY1UI0g8Y5Fx/uEx32u root@ubuntu-bionic
ssh-rsa AAAAB3NzaC1yc2EAAAADAQABAAABAQC93J82GP4NS79JO+8p4KsBBdk4B4InPZ2BMCqDpGrglMdfM00MaGvWOSh0lrEI3GZ8g/H/VCBWNWKT5cQ383mqubPavZBX5p7Dcl3GVjFfakXXo1nl54QalfOBieaH5E4tG17PGdfydMNaUl6CSVEgAf/rVG2F3nfTtTX9qTNc0zbQPFAwJ8qpzjqzAoqTccljrH99nIpG3cjK4Yj59IgYfM0IlwZC1L4Ct6JPexdPbvZQCphDX3LKMkwTrfL8895j4ykBQqvYMQv+bH2qUQktsXwo7ZENNElVAuNp46ThjI8PHLZaiDcpqWvOgqvgxuYOSv/jtJp0gs+j4JidEJvx root@ubuntu-bionic
-----END SSH HOST KEY KEYS-----
[   17.451087] cloud-init[1879]: Cloud-init v. 23.1.2-0ubuntu0~18.04.1 running 'modules:final' at Thu, 22 Jun 2023 10:42:48 +0000. Up 17.26 seconds.
[   17.451771] cloud-init[1879]: Cloud-init v. 23.1.2-0ubuntu0~18.04.1 finished at Thu, 22 Jun 2023 10:42:48 +0000. Datasource DataSourceNoCloud [seed=/dev/sdb][dsmode=net].  Up 17.44 seconds
[[0;32m  OK  [0m] Started Execute cloud user/final scripts.
[[0;32m  OK  [0m] Reached target Cloud-init target.

Ubuntu 18.04.6 LTS ubuntu-bionic ttyS0

ubuntu-bionic login: 